<h1>Other things which should only be included in the data body</h1>
