<html>
<head>
	<title>500 Server Error</title>
</head>
<body bgcolor="white">
<center>
	<h1>500 Server Error</h1>
</center>
</body>
</html>
